// Jest Snapshot v1, https://goo.gl/fbAQLP

exports[`getMetadata can get variances of blueprint instance name 1`] = `
Object {
  "blueprint": "Component",
  "blueprintInstance": "Button",
  "blueprintInstance_CamelCaseFormat": "button",
  "blueprintInstance_ClassFormat": "Button",
  "blueprintInstance_ConstantFormat": "BUTTON",
  "blueprintInstance_DashedFormat": "button",
  "blueprintInstance_PascalCaseFormat": "Button",
  "blueprintInstance_SlugFormat": "button",
  "blueprintInstance_camelCaseFormat": "button",
  "blueprintInstance_dashed-format": "button",
  "blueprintInstance_pascalCaseFormat": "Button",
  "blueprintInstance_slug-format": "button",
}
`;
